---
source: ungrammar_lsp/src/main.rs
expression: parsed
---
EnvSchema {
    use_sandbox: true,
    config_loc: None,
    log_level: "debug",
    extern_otlp: Some(
        ExternOtlpWrite {
            endpoint: Url {
                scheme: "localhost",
                cannot_be_a_base: true,
                username: "",
                password: None,
                host: None,
                port: None,
                path: "8440/trace",
                query: None,
                fragment: None,
            },
            auth: None,
        },
    ),
}
